// Jest Snapshot v1, https://goo.gl/fbAQLP

exports[`FilterUserBox.vue when FilterUserBox was mounted when rendered should display FilterUserBox component 1`] = `<vselect-stub label="email" placeholder="Search box" options="[object Object],[object Object],[object Object]"> <span>No user matching</span></vselect-stub>`;
