// Jest Snapshot v1, https://goo.gl/fbAQLP

exports[`Setting.vue should render Setting layout correctly 1`] = `
<main>
  <div class="container grid-xl mt-10">
    <div class="columns">
      <div class="column col-3">
        <p class="sidebar-scoped">Setting side bar</p>
      </div>
      <div class="column col-9">
        <div class="box-setting">
          <p class="default-scoped">Setting page</p>
        </div>
      </div>
    </div>
  </div>
</main>
`;
